[
  {
    "objectId": "test-vehicle-001",
    "vehicleTime": "2024-01-15T10:30:00Z",
    "ignitionState": "OFF",
    "tripType": "BUSINESS",
    "position": {
      "satellitesCount": 8,
      "latitude": 52.52,
      "longitude": 13.405,
      "altitudeM": 34,
      "speedKmh": 0,
      "directionDeg": 90
    },
    "calculatedInputs": {
      "fuelConsumptionLifetimeL": 0,
      "fuelLevelPercent": 75.5,
      "odometerKm": 12500.25,
      "engineRpm": 0,
      "temperatureC": 18.5,
      "customInput1": 1.2300000190734863,
      "customInput2": 2.3399999141693115,
      "customInput3": 3.450000047683716,
      "customInput4": 4.559999942779541,
      "customInput5": 5.670000076293945,
      "customInput6": 6.78000020980835,
      "customInput7": 7.889999866485596,
      "customInput8": 8.899999618530273,
      "din1WorkingTime": 120,
      "din2WorkingTime": 240,
      "din3WorkingTime": 360,
      "din4WorkingTime": 480,
      "weightKg": 1750
    },
    "deviceInputs": {
      "gsmSignalStrength": 85,
      "operator": 1001,
      "ecodriveFuelUsedInHighestGear": 0,
      "ibutton": "AB123456",
      "digitalInput1": false,
      "digitalInput2": true,
      "digitalInput3": false,
      "digitalInput4": false,
      "analogInput1": 1.25,
      "analogInput2": 2.5,
      "din1WorkingTimeDiffS": 5,
      "din2WorkingTimeDiffS": 10,
      "din3WorkingTimeDiffS": 15,
      "din4WorkingTimeDiffS": 20,
      "powerSupplyVoltageV": 12.800000190734863,
      "batteryVoltageV": 4.199999809265137,
      "pcbTemperatureC": 25,
      "virtualOdometerKm": 12500.25,
      "inputTrigger": 42,
      "priority": "LOW",
      "movement": "STILL",
      "hdop": "1.2",
      "virtualOdometerDiff": 0
    },
    "other": {
      "countryCodeGeonames": 276,
      "virtualGpsOdometerKm": 12501
    }
  },
  {
    "objectId": "test-vehicle-001",
    "vehicleTime": "2024-01-15T10:30:30Z",
    "ignitionState": "ON",
    "tripType": "BUSINESS",
    "position": {
      "satellitesCount": 10,
      "latitude": 52.5205,
      "longitude": 13.4055,
      "altitudeM": 35,
      "speedKmh": 15,
      "directionDeg": 95
    },
    "calculatedInputs": {
      "fuelConsumptionLifetimeL": 2.0999999046325684,
      "fuelLevelPercent": 75.44999694824219,
      "odometerKm": 12500.2998046875,
      "engineRpm": 850,
      "temperatureC": 19.200000762939453,
      "customInput1": 1.2400000095367432,
      "customInput2": 2.3499999046325684,
      "customInput3": 3.4600000381469727,
      "customInput4": 4.570000171661377,
      "customInput5": 5.679999828338623,
      "customInput6": 6.789999961853027,
      "customInput7": 7.900000095367432,
      "customInput8": 8.90999984741211,
      "din1WorkingTime": 125,
      "din2WorkingTime": 245,
      "din3WorkingTime": 365,
      "din4WorkingTime": 485,
      "weightKg": 1752
    },
    "deviceInputs": {
      "gsmSignalStrength": 78,
      "operator": 1001,
      "ecodriveFuelUsedInHighestGear": 1,
      "ibutton": "AB123456",
      "digitalInput1": true,
      "digitalInput2": false,
      "digitalInput3": true,
      "digitalInput4": true,
      "analogInput1": 1.2799999713897705,
      "analogInput2": 2.5299999713897705,
      "din1WorkingTimeDiffS": 5,
      "din2WorkingTimeDiffS": 10,
      "din3WorkingTimeDiffS": 15,
      "din4WorkingTimeDiffS": 25,
      "powerSupplyVoltageV": 13.199999809265137,
      "batteryVoltageV": 4.099999904632568,
      "pcbTemperatureC": 28,
      "virtualOdometerKm": 12500.2998046875,
      "inputTrigger": 15,
      "priority": "HIGH",
      "movement": "MOVING",
      "hdop": "0.8",
      "virtualOdometerDiff": 5
    },
    "other": {
      "countryCodeGeonames": 276,
      "virtualGpsOdometerKm": 12501.0498046875
    }
  },
  {
    "objectId": "test-vehicle-001",
    "vehicleTime": "2024-01-15T10:31:00Z",
    "ignitionState": "ON",
    "tripType": "BUSINESS",
    "position": {
      "satellitesCount": 12,
      "latitude": 52.521,
      "longitude": 13.406,
      "altitudeM": 36,
      "speedKmh": 25,
      "directionDeg": 100
    },
    "calculatedInputs": {
      "fuelConsumptionLifetimeL": 3.200000047683716,
      "fuelLevelPercent": 75.4000015258789,
      "odometerKm": 12500.5,
      "engineRpm": 1200,
      "temperatureC": 20.100000381469727,
      "customInput1": 1.25,
      "customInput2": 2.359999895095825,
      "customInput3": 3.4700000286102295,
      "customInput4": 4.579999923706055,
      "customInput5": 5.690000057220459,
      "customInput6": 6.800000190734863,
      "customInput7": 7.909999847412109,
      "customInput8": 8.920000076293945,
      "din1WorkingTime": 130,
      "din2WorkingTime": 250,
      "din3WorkingTime": 370,
      "din4WorkingTime": 490,
      "weightKg": 1755
    },
    "deviceInputs": {
      "gsmSignalStrength": 92,
      "operator": 1001,
      "ecodriveFuelUsedInHighestGear": 2,
      "ibutton": "AB123456",
      "digitalInput1": false,
      "digitalInput2": true,
      "digitalInput3": false,
      "digitalInput4": true,
      "analogInput1": 1.2999999523162842,
      "analogInput2": 2.549999952316284,
      "din1WorkingTimeDiffS": 5,
      "din2WorkingTimeDiffS": 10,
      "din3WorkingTimeDiffS": 15,
      "din4WorkingTimeDiffS": 30,
      "powerSupplyVoltageV": 13.5,
      "batteryVoltageV": 4.150000095367432,
      "pcbTemperatureC": 30,
      "virtualOdometerKm": 12500.5,
      "inputTrigger": 88,
      "priority": "HIGH",
      "movement": "MOVING",
      "hdop": "0.6",
      "virtualOdometerDiff": 20
    },
    "other": {
      "countryCodeGeonames": 276,
      "virtualGpsOdometerKm": 12501.2001953125
    }
  },
  {
    "objectId": "test-vehicle-001",
    "vehicleTime": "2024-01-15T10:32:30Z",
    "ignitionState": "ON",
    "tripType": "BUSINESS",
    "position": {
      "satellitesCount": 11,
      "latitude": 52.5215,
      "longitude": 13.4065,
      "altitudeM": 38,
      "speedKmh": 35,
      "directionDeg": 105
    },
    "calculatedInputs": {
      "fuelConsumptionLifetimeL": 4.5,
      "fuelLevelPercent": 75.30000305175781,
      "odometerKm": 12501,
      "engineRpm": 1650,
      "temperatureC": 21.799999237060547,
      "customInput1": 1.2599999904632568,
      "customInput2": 2.369999885559082,
      "customInput3": 3.4800000190734863,
      "customInput4": 4.590000152587891,
      "customInput5": 5.699999809265137,
      "customInput6": 6.809999942779541,
      "customInput7": 7.920000076293945,
      "customInput8": 8.930000305175781,
      "din1WorkingTime": 135,
      "din2WorkingTime": 255,
      "din3WorkingTime": 375,
      "din4WorkingTime": 495,
      "weightKg": 1758
    },
    "deviceInputs": {
      "gsmSignalStrength": 88,
      "operator": 1001,
      "ecodriveFuelUsedInHighestGear": 3,
      "ibutton": "AB123456",
      "digitalInput1": true,
      "digitalInput2": true,
      "digitalInput3": false,
      "digitalInput4": true,
      "analogInput1": 1.350000023841858,
      "analogInput2": 2.5999999046325684,
      "din1WorkingTimeDiffS": 10,
      "din2WorkingTimeDiffS": 15,
      "din3WorkingTimeDiffS": 20,
      "din4WorkingTimeDiffS": 90,
      "powerSupplyVoltageV": 13.800000190734863,
      "batteryVoltageV": 4.179999828338623,
      "pcbTemperatureC": 32,
      "virtualOdometerKm": 12501,
      "inputTrigger": 99,
      "priority": "HIGH",
      "movement": "MOVING",
      "hdop": "0.5",
      "virtualOdometerDiff": 50
    },
    "other": {
      "countryCodeGeonames": 276,
      "virtualGpsOdometerKm": 12501.5
    }
  },
  {
    "objectId": "test-vehicle-001",
    "vehicleTime": "2024-01-15T10:35:00Z",
    "ignitionState": "ON",
    "tripType": "BUSINESS",
    "position": {
      "satellitesCount": 13,
      "latitude": 52.522,
      "longitude": 13.407,
      "altitudeM": 40,
      "speedKmh": 45,
      "directionDeg": 110
    },
    "calculatedInputs": {
      "fuelConsumptionLifetimeL": 6.800000190734863,
      "fuelLevelPercent": 75.1500015258789,
      "odometerKm": 12502,
      "engineRpm": 2100,
      "temperatureC": 23.5,
      "customInput1": 1.2699999809265137,
      "customInput2": 2.380000114440918,
      "customInput3": 3.490000009536743,
      "customInput4": 4.599999904632568,
      "customInput5": 5.710000038146973,
      "customInput6": 6.820000171661377,
      "customInput7": 7.929999828338623,
      "customInput8": 8.9399995803833,
      "din1WorkingTime": 140,
      "din2WorkingTime": 260,
      "din3WorkingTime": 380,
      "din4WorkingTime": 500,
      "weightKg": 1760
    },
    "deviceInputs": {
      "gsmSignalStrength": 95,
      "operator": 1001,
      "ecodriveFuelUsedInHighestGear": 5,
      "ibutton": "AB123456",
      "digitalInput1": false,
      "digitalInput2": false,
      "digitalInput3": true,
      "digitalInput4": true,
      "analogInput1": 1.399999976158142,
      "analogInput2": 2.6500000953674316,
      "din1WorkingTimeDiffS": 15,
      "din2WorkingTimeDiffS": 20,
      "din3WorkingTimeDiffS": 25,
      "din4WorkingTimeDiffS": 150,
      "powerSupplyVoltageV": 14.100000381469727,
      "batteryVoltageV": 4.199999809265137,
      "pcbTemperatureC": 35,
      "virtualOdometerKm": 12502,
      "inputTrigger": 75,
      "priority": "MEDIUM",
      "movement": "MOVING",
      "hdop": "0.4",
      "virtualOdometerDiff": 100
    },
    "other": {
      "countryCodeGeonames": 276,
      "virtualGpsOdometerKm": 12502
    }
  }
]